// Jest Snapshot v1, https://goo.gl/fbAQLP

exports[`WalletPanel tests basic tests matches the snapshot 1`] = `
.c0 {
  display: block;
}

.c1 {
  padding: 25px 30px 25px 30px;
}

.c13 {
  margin-left: 30px;
  font-weight: 500;
  color: #4B4C5C;
  font-size: 14px;
}

.c11 {
  font-weight: 400;
  color: #4B4C5C;
  font-size: 14px;
  -webkit-letter-spacing: 0;
  -moz-letter-spacing: 0;
  -ms-letter-spacing: 0;
  letter-spacing: 0;
  margin: 0 0 0 2px;
}

.c8 {
  padding: 15px 0px 6px;
}

.c14 {
  padding: 5px 0px;
  border-top: 1px solid #DBDFE3;
  border-bottom: 1px solid #DBDFE3;
}

.c15 {
  display: inline-block;
  font-size: 14px;
  font-weight: normal;
  -webkit-letter-spacing: 0;
  -moz-letter-spacing: 0;
  -ms-letter-spacing: 0;
  letter-spacing: 0;
  line-height: 26px;
  margin-left: 2px;
  color: #7C7D8C;
}

.c16 {
  margin-top: 6px;
}

.c9 {
  display: -webkit-box;
  display: -webkit-flex;
  display: -ms-flexbox;
  display: flex;
  -webkit-flex-direction: row;
  -ms-flex-direction: row;
  flex-direction: row;
}

.c10 {
  -webkit-flex: 5 0 0;
  -ms-flex: 5 0 0;
  flex: 5 0 0;
}

.c12 {
  -webkit-flex: 1 0 0;
  -ms-flex: 1 0 0;
  flex: 1 0 0;
}

.c22 {
  display: none;
}

.c17 {
  display: -webkit-box;
  display: -webkit-flex;
  display: -ms-flexbox;
  display: flex;
}

.c19 {
  position: relative;
  display: block;
  height: 16px;
  width: 28px;
}

.c20 {
  background: #A7ACB2;
  height: 6px;
  margin-top: 5px;
  width: 100%;
  border-radius: 3px;
}

.c21 {
  position: relative;
  border-radius: 50%;
  -webkit-transition: all .4s ease;
  transition: all .4s ease;
  --toggle-bullet-size: 16px;
  --toggle-bullet-transform: translate(-1px,calc(-50% - 3px));
  --toggle-bullet-background: #CDD1D5;
  width: var(--toggle-bullet-size);
  height: var(--toggle-bullet-size);
  -webkit-transform: var(--toggle-bullet-transform);
  -ms-transform: var(--toggle-bullet-transform);
  transform: var(--toggle-bullet-transform);
  background-color: var(--toggle-bullet-background);
  box-shadow: 0 3px 3px rgba(0,0,0,0.05);
}

.c18 {
  color: #838391;
  font-size: 12px;
  font-family: Poppins,sans-serif;
  text-align: right;
  -webkit-letter-spacing: 0.4px;
  -moz-letter-spacing: 0.4px;
  -ms-letter-spacing: 0.4px;
  letter-spacing: 0.4px;
  text-transform: uppercase;
  margin: 0px 8px 0 0;
  opacity: 1;
  -webkit-transition: 100ms ease-out;
  transition: 100ms ease-out;
}

.c2 {
  position: relative;
  display: -webkit-box;
  display: -webkit-flex;
  display: -ms-flexbox;
  display: flex;
  -webkit-box-pack: justify;
  -webkit-justify-content: space-between;
  -ms-flex-pack: justify;
  justify-content: space-between;
  -webkit-align-items: center;
  -webkit-box-align: center;
  -ms-flex-align: center;
  align-items: center;
  -webkit-align-content: flex-start;
  -ms-flex-line-pack: start;
  align-content: flex-start;
  -webkit-flex-wrap: nowrap;
  -ms-flex-wrap: nowrap;
  flex-wrap: nowrap;
  font-family: Poppins,sans-serif;
}

.c3 {
  -webkit-flex-basis: 30px;
  -ms-flex-preferred-size: 30px;
  flex-basis: 30px;
  position: relative;
  height: 48px;
}

.c4 {
  border-radius: 50%;
  width: 48px;
  height: 48px;
}

.c5 {
  -webkit-box-flex: 1;
  -webkit-flex-grow: 1;
  -ms-flex-positive: 1;
  flex-grow: 1;
  -webkit-flex-shrink: 1;
  -ms-flex-negative: 1;
  flex-shrink: 1;
  -webkit-flex-basis: 50%;
  -ms-flex-preferred-size: 50%;
  flex-basis: 50%;
  margin-top: -5px;
  padding-left: 11px;
}

.c6 {
  text-overflow: ellipsis;
  overflow: hidden;
  white-space: nowrap;
  max-width: 260px;
  margin-top: 2px;
  margin-left: 0px;
}

.c7 {
  font-size: 18px;
  font-weight: 500;
  line-height: 1.22;
  -webkit-letter-spacing: -0.2px;
  -moz-letter-spacing: -0.2px;
  -ms-letter-spacing: -0.2px;
  letter-spacing: -0.2px;
  color: #4B4C5C;
}

<div
  className="c0"
>
  <div
    className="c1"
    id="wallet-panel"
  >
    <div
      className="c0"
    >
      <div
        className="c2"
      >
        <div
          className="c3"
          type="big"
        >
          <img
            className="c4"
            src=""
            type="big"
          />
        </div>
        <div
          className="c5"
          type="big"
        >
          <div
            className="c6"
            type="big"
          >
            <span
              className="c7"
              type="big"
            >
              
            </span>
          </div>
        </div>
      </div>
    </div>
    <section
      className="c8"
    >
      <div
        className="c9"
      >
        <div
          className="c10"
          size="5"
        >
          <span
            className="c11"
          >
            MISSING: rewardsContributeAttentionScore
          </span>
        </div>
        <div
          className="c12"
          size="1"
        >
          <span
            className="c13"
          >
            %
          </span>
        </div>
      </div>
    </section>
    <section
      className="c14"
    >
      <div
        className="c0"
      >
        <div
          className="c9"
        >
          <div
            className="c10"
            size="5"
          >
            <span
              className="c15"
            >
              MISSING: includeInAuto
            </span>
          </div>
          <div
            className="c12"
            size="1"
          >
            <div
              className="c16"
            >
              <div
                className="c17"
              >
                <div
                  className="c18"
                  size="small"
                >
                  MISSING: off
                </div>
                <div
                  className="c19"
                  data-test-id="toggle"
                  size="small"
                >
                  <div
                    className="c20"
                    size="small"
                  />
                  <div
                    className="c21"
                    size="small"
                    type="dark"
                  />
                </div>
              </div>
            </div>
          </div>
        </div>
      </div>
    </section>
  </div>
  <div
    className="c22"
  />
</div>
`;
